Project[cols=col1](Join[](Join[](Join[type=JoinCross](Join[type=JoinLeftOuter](Join[](Join[](Join[natural=true](Join[](Scan[table=a](),Scan[table=b]()),Scan[table=c]()),Scan[table=d]()),Scan[table=e]()),Scan[table=f]()),Scan[table=g]()),Scan[table=h]()),Scan[table=i]()))