Project[cols=name](Select[filter=true](Scan[table=myTable]()))